
<!-- auto-updated: 2026-08-22T10:11:38.735045+00:00 -->
[2026-08-22 10:11:38 GMT] Log adjustment: toned down verbose debug statements in CI configuration. — example: `fix_984`
[2026-08-22 10:11:38 GMT] Progress: sketched optimization idea for CI configuration; prototype next.
[2026-08-22 10:11:38 GMT] Small tweak: adjusted formatting and examples in env variable validator.
[2026-08-22 10:11:38 GMT] Dx improvement: simplified setup commands in cors middleware guide.
[2026-08-22 10:11:38 GMT] Error handling: added graceful fallback logic inside feature flag manager.
[2026-08-22 10:11:38 GMT] Dependency check: reviewed compatibility of packages used in search index sync.
[2026-08-22 10:11:38 GMT] Dx improvement: simplified setup commands in input sanitizer guide.
[2026-08-22 10:11:38 GMT] State sync: investigated race conditions within scheduler.

<!-- auto-updated: 2026-08-25T10:48:43.875539+00:00 -->
[2026-08-25 10:48:43 GMT] Housekeeping: removed an outdated comment in notification dispatcher. (see issue #147)
[2026-08-25 10:48:43 GMT] Deprecation notice: flagged legacy interface in health check endpoint for future removal. — example: `fix_176`
[2026-08-25 10:48:43 GMT] Refactor thought: consider splitting feature flag manager into smaller helpers for tests. (see issue #392)
[2026-08-25 10:48:43 GMT] Reminder: check CI setup that references cors middleware.
[2026-08-25 10:48:43 GMT] Refactor thought: consider splitting cors middleware into smaller helpers for tests.
[2026-08-25 10:48:43 GMT] Investigation: observed flaky behavior around CI configuration; note to reproduce later.

<!-- auto-updated: 2026-08-27T20:58:15.526023+00:00 -->
[2026-08-27 20:58:15 GMT] Error handling: added graceful fallback logic inside cors middleware.
[2026-08-27 20:58:15 GMT] Small tweak: adjusted formatting and examples in scheduler.
[2026-08-27 20:58:15 GMT] Progress: sketched optimization idea for scheduler; prototype next.
[2026-08-27 20:58:15 GMT] Coverage update: added unit test stubs for api/users.
[2026-08-27 20:58:15 GMT] Dx improvement: simplified setup commands in CI configuration guide.
[2026-08-27 20:58:15 GMT] Reminder: check CI setup that references session store.
[2026-08-27 20:58:15 GMT] Database review: verified indexing strategy on queries in redis cache pool. (see issue #118)
[2026-08-27 20:58:15 GMT] Database review: verified indexing strategy on queries in deployment script.

<!-- auto-updated: 2026-08-29T14:43:34.485957+00:00 -->
[2026-08-29 14:43:34 GMT] Dx improvement: simplified setup commands in search index sync guide.
[2026-08-29 14:43:34 GMT] Reminder: check CI setup that references api/users.
[2026-08-29 14:43:34 GMT] Housekeeping: removed an outdated comment in input sanitizer. (see issue #110)
[2026-08-29 14:43:34 GMT] Dependency check: reviewed compatibility of packages used in session store.
[2026-08-29 14:43:34 GMT] Error handling: added graceful fallback logic inside env variable validator.
[2026-08-29 14:43:34 GMT] Security check: audited permission flags in websocket handler.
[2026-08-29 14:43:34 GMT] Found: minor typo in api/users docs; corrected phrasing.
[2026-08-29 14:43:34 GMT] Follow-up: reworded docs for db.connection and clarified expected inputs.
